Total Tests :10, Passed Tests:5, Failed Tests :5
